86.170.130.175 - - [28/Dec/2010:20:47:10 +0000] "GET /js_lib/jquery.js HTTP/1.1" 200 78601 "http://0xf.nl/" "Mozilla/5.0 (iPhone; U; CPU iPhone OS 4_1 like Mac OS X; en-gb) AppleWebKit/532.9 (KHTML, like Gecko) Mobile/8B117"
81.157.24.77 - - [28/Dec/2010:21:43:33 +0000] "GET /js_lib/jquery.js HTTP/1.1" 200 78601 "http://0xf.nl/" "Mozilla/5.0 (Macintosh; U; Intel Mac OS X 10_6_5; en-us) AppleWebKit/533.19.4 (KHTML, like Gecko) Version/5.0.3 Safari/533.19.4"
87.250.253.242 - - [28/Dec/2010:22:56:40 +0000] "GET /student.html HTTP/1.1" 200 102 "-" "Mozilla/5.0 (compatible; YandexBot/3.0; +http://yandex.com/bots)"
66.249.72.146 - - [29/Dec/2010:01:37:17 +0000] "GET /robots.txt HTTP/1.1" 200 100 "-" "Mozilla/5.0 (compatible; Googlebot/2.1; +http://www.google.com/bot.html)"
66.249.72.146 - - [29/Dec/2010:01:37:17 +0000] "GET /games HTTP/1.1" 200 749 "-" "Mozilla/5.0 (compatible; Googlebot/2.1; +http://www.google.com/bot.html)"
87.250.253.242 - - [29/Dec/2010:02:20:55 +0000] "GET /games HTTP/1.1" 200 749 "-" "Mozilla/5.0 (compatible; YandexBot/3.0; +http://yandex.com/bots)"
87.250.253.242 - - [29/Dec/2010:04:03:02 +0000] "GET /forums HTTP/1.1" 200 96 "-" "Mozilla/5.0 (compatible; YandexBot/3.0; +http://yandex.com/bots)"
119.63.198.46 - - [29/Dec/2010:06:15:22 +0000] "GET /robots.txt HTTP/1.1" 200 100 "-" "Baiduspider+(+http://www.baidu.com/search/spider.htm)"
87.250.253.242 - - [29/Dec/2010:07:04:35 +0000] "GET /news HTTP/1.1" 200 94 "-" "Mozilla/5.0 (compatible; YandexBot/3.0; +http://yandex.com/bots)"
87.250.253.242 - - [29/Dec/2010:10:06:08 +0000] "GET /highscores HTTP/1.1" 200 100 "-" "Mozilla/5.0 (compatible; YandexBot/3.0; +http://yandex.com/bots)"
66.249.72.146 - - [29/Dec/2010:13:34:07 +0000] "GET /highscores HTTP/1.1" 200 100 "-" "Mozilla/5.0 (compatible; Googlebot/2.1; +http://www.google.com/bot.html)"
87.250.253.242 - - [29/Dec/2010:14:38:28 +0000] "GET /index.html HTTP/1.1" 200 100 "-" "Mozilla/5.0 (compatible; YandexBot/3.0; +http://yandex.com/bots)"
69.28.58.20 - - [29/Dec/2010:21:05:11 +0000] "GET /robots.txt HTTP/1.0" 200 70 "-" "Mozilla/4.0 (compatible; MSIE 6.0; Windows NT 5.0) (larbin2.6.3@unspecified.mail)"
69.28.58.20 - - [29/Dec/2010:21:05:11 +0000] "GET / HTTP/1.0" 200 1145 "-" "Mozilla/4.0 (compatible; MSIE 6.0; Windows NT 5.0) larbin2.6.3@unspecified.mail"
66.249.72.146 - - [30/Dec/2010:01:15:28 +0000] "GET / HTTP/1.1" 200 502 "-" "Mozilla/5.0 (compatible; Googlebot/2.1; +http://www.google.com/bot.html)"
119.63.198.49 - - [30/Dec/2010:06:10:54 +0000] "GET /robots.txt HTTP/1.1" 200 100 "-" "Baiduspider+(+http://www.baidu.com/search/spider.htm)"
66.249.72.146 - - [30/Dec/2010:13:07:25 +0000] "GET /robots.txt HTTP/1.1" 200 100 "-" "Mozilla/5.0 (compatible; Googlebot/2.1; +http://www.google.com/bot.html)"
66.249.72.146 - - [30/Dec/2010:13:07:25 +0000] "GET /student.html HTTP/1.1" 200 102 "-" "Mozilla/5.0 (compatible; Googlebot/2.1; +http://www.google.com/bot.html)"
91.85.216.121 - - [31/Dec/2010:01:04:50 +0000] "GET /js_lib/jquery.js HTTP/1.1" 200 78601 "http://0xf.nl/" "Mozilla/5.0 (Windows; U; Windows NT 6.1; en-US) AppleWebKit/534.10 (KHTML, like Gecko) Chrome/8.0.552.224 Safari/534.10"
188.28.230.41 - - [31/Dec/2010:02:35:18 +0000] "GET /js_lib/jquery.js HTTP/1.1" 200 78601 "http://0xf.nl/" "Mozilla/5.0 (Windows; U; Windows NT 5.1; en-GB; rv:1.9.2.10) Gecko/20100914 Firefox/3.6.10"
119.63.198.24 - - [31/Dec/2010:06:19:37 +0000] "GET /robots.txt HTTP/1.1" 200 100 "-" "Baiduspider+(+http://www.baidu.com/search/spider.htm)"
66.249.67.72 - - [31/Dec/2010:13:01:49 +0000] "GET /robots.txt HTTP/1.1" 200 100 "-" "Mozilla/5.0 (compatible; Googlebot/2.1; +http://www.google.com/bot.html)"
66.249.67.72 - - [31/Dec/2010:13:01:49 +0000] "GET /news HTTP/1.1" 200 94 "-" "Mozilla/5.0 (compatible; Googlebot/2.1; +http://www.google.com/bot.html)"
119.63.198.21 - - [01/Jan/2011:06:21:41 +0000] "GET /robots.txt HTTP/1.1" 200 100 "-" "Baiduspider+(+http://www.baidu.com/search/spider.htm)"
66.249.67.72 - - [01/Jan/2011:12:35:32 +0000] "GET /robots.txt HTTP/1.1" 200 100 "-" "Mozilla/5.0 (compatible; Googlebot/2.1; +http://www.google.com/bot.html)"
81.157.24.108 - - [01/Jan/2011:17:16:26 +0000] "GET /js_lib/jquery.js HTTP/1.1" 200 78601 "http://0xf.nl/" "Mozilla/5.0 (Macintosh; U; Intel Mac OS X 10_6_5; en-us) AppleWebKit/533.19.4 (KHTML, like Gecko) Version/5.0.3 Safari/533.19.4"
119.63.198.56 - - [02/Jan/2011:06:19:26 +0000] "GET /robots.txt HTTP/1.1" 200 100 "-" "Baiduspider+(+http://www.baidu.com/search/spider.htm)"
119.63.198.9 - - [03/Jan/2011:06:21:46 +0000] "GET /robots.txt HTTP/1.1" 200 100 "-" "Baiduspider+(+http://www.baidu.com/search/spider.htm)"
66.249.72.146 - - [03/Jan/2011:11:37:13 +0000] "GET /robots.txt HTTP/1.1" 200 100 "-" "Mozilla/5.0 (compatible; Googlebot/2.1; +http://www.google.com/bot.html)"
66.249.72.146 - - [03/Jan/2011:11:37:13 +0000] "GET /news HTTP/1.1" 200 94 "-" "Mozilla/5.0 (compatible; Googlebot/2.1; +http://www.google.com/bot.html)"
95.24.94.25 - - [04/Jan/2011:06:11:37 +0000] "GET /js_lib/jquery.js HTTP/1.0" 200 78601 "http://0xf.nl/" "Mozilla/4.0 (compatible; MSIE 7.0; Windows NT 5.1; .NET CLR 2.0.50727; .NET CLR 3.0.4506.2152; .NET CLR 3.5.30729)"
95.27.84.162 - - [04/Jan/2011:06:15:45 +0000] "GET /js_lib/jquery.js HTTP/1.1" 200 78601 "http://0xf.nl/student.html" "Mozilla/5.0 (Windows; U; Windows NT 5.1; ru; rv:1.9.2.12) Gecko/20101026 Firefox/3.6.12"
119.63.198.47 - - [04/Jan/2011:06:21:48 +0000] "GET /robots.txt HTTP/1.1" 200 100 "-" "Baiduspider+(+http://www.baidu.com/search/spider.htm)"
91.109.147.193 - - [04/Jan/2011:07:09:22 +0000] "GET /js_lib/jquery.js HTTP/1.1" 200 78601 "http://0xf.nl/" "Mozilla/5.0 (X11; U; Linux i686; en-US) AppleWebKit/534.15 (KHTML, like Gecko) Ubuntu/10.10 Chromium/10.0.612.1 Chrome/10.0.612.1 Safari/534.15"
87.250.253.242 - - [04/Jan/2011:22:16:41 +0000] "GET /robots.txt HTTP/1.1" 200 81 "-" "Mozilla/5.0 (compatible; YandexBot/3.0; +http://yandex.com/bots)"
66.249.72.146 - - [05/Jan/2011:02:41:40 +0000] "GET /robots.txt HTTP/1.1" 200 100 "-" "Mozilla/5.0 (compatible; Googlebot/2.1; +http://www.google.com/bot.html)"
66.249.72.146 - - [05/Jan/2011:02:41:40 +0000] "GET /news HTTP/1.1" 200 94 "-" "Mozilla/5.0 (compatible; Googlebot/2.1; +http://www.google.com/bot.html)"
119.63.198.48 - - [05/Jan/2011:06:27:01 +0000] "GET /robots.txt HTTP/1.1" 200 100 "-" "Baiduspider+(+http://www.baidu.com/search/spider.htm)"
87.250.253.242 - - [05/Jan/2011:09:27:51 +0000] "GET / HTTP/1.1" 200 502 "-" "Mozilla/5.0 (compatible; YandexBot/3.0; +http://yandex.com/bots)"
87.250.253.242 - - [06/Jan/2011:05:28:48 +0000] "GET /robots.txt HTTP/1.1" 200 81 "-" "Mozilla/5.0 (compatible; YandexBot/3.0; +http://yandex.com/bots)"
119.63.198.41 - - [06/Jan/2011:06:26:41 +0000] "GET /robots.txt HTTP/1.1" 200 100 "-" "Baiduspider+(+http://www.baidu.com/search/spider.htm)"
87.250.253.242 - - [06/Jan/2011:11:34:24 +0000] "GET / HTTP/1.1" 200 502 "-" "Mozilla/5.0 (compatible; YandexBot/3.0; +http://yandex.com/bots)"
119.63.198.13 - - [07/Jan/2011:06:26:55 +0000] "GET /robots.txt HTTP/1.1" 200 100 "-" "Baiduspider+(+http://www.baidu.com/search/spider.htm)"
66.249.71.105 - - [07/Jan/2011:06:44:44 +0000] "GET /robots.txt HTTP/1.1" 200 100 "-" "Mozilla/5.0 (compatible; Googlebot/2.1; +http://www.google.com/bot.html)"
66.249.71.105 - - [07/Jan/2011:06:44:44 +0000] "GET /news HTTP/1.1" 200 94 "-" "Mozilla/5.0 (compatible; Googlebot/2.1; +http://www.google.com/bot.html)"
109.155.120.79 - - [07/Jan/2011:12:35:33 +0000] "GET /js_lib/jquery.js HTTP/1.1" 304 0 "http://0xf.nl/" "Mozilla/5.0 (Windows; U; Windows NT 6.0; en-US) AppleWebKit/534.13 (KHTML, like Gecko) Chrome/9.0.597.44 Safari/534.13"
109.155.120.79 - - [07/Jan/2011:12:36:03 +0000] "GET / HTTP/1.1" 200 502 "-" "Mozilla/5.0 (Windows; U; Windows NT 6.0; en-US) AppleWebKit/534.13 (KHTML, like Gecko) Chrome/9.0.597.44 Safari/534.13"
109.155.120.79 - - [07/Jan/2011:12:36:05 +0000] "GET /highscores HTTP/1.1" 200 100 "http://trouble.0xf.nl/" "Mozilla/5.0 (Windows; U; Windows NT 6.0; en-US) AppleWebKit/534.13 (KHTML, like Gecko) Chrome/9.0.597.44 Safari/534.13"
109.155.120.79 - - [07/Jan/2011:12:36:08 +0000] "GET /agent/create HTTP/1.1" 200 2252 "http://trouble.0xf.nl/" "Mozilla/5.0 (Windows; U; Windows NT 6.0; en-US) AppleWebKit/534.13 (KHTML, like Gecko) Chrome/9.0.597.44 Safari/534.13"
109.155.120.79 - - [07/Jan/2011:12:36:08 +0000] "GET /img/agent/ HTTP/1.1" 403 200 "http://trouble.0xf.nl/agent/create" "Mozilla/5.0 (Windows; U; Windows NT 6.0; en-US) AppleWebKit/534.13 (KHTML, like Gecko) Chrome/9.0.597.44 Safari/534.13"
109.155.120.79 - - [07/Jan/2011:12:36:08 +0000] "GET /js_lib/fileuploader.js HTTP/1.1" 200 39950 "http://trouble.0xf.nl/agent/create" "Mozilla/5.0 (Windows; U; Windows NT 6.0; en-US) AppleWebKit/534.13 (KHTML, like Gecko) Chrome/9.0.597.44 Safari/534.13"
109.155.120.79 - - [07/Jan/2011:12:36:08 +0000] "GET /img/agent/ HTTP/1.1" 403 200 "http://trouble.0xf.nl/agent/create" "Mozilla/5.0 (Windows; U; Windows NT 6.0; en-US) AppleWebKit/534.13 (KHTML, like Gecko) Chrome/9.0.597.44 Safari/534.13"
119.63.198.9 - - [08/Jan/2011:06:30:49 +0000] "GET /robots.txt HTTP/1.1" 200 100 "-" "Baiduspider+(+http://www.baidu.com/search/spider.htm)"
66.249.66.59 - - [08/Jan/2011:18:32:29 +0000] "GET /robots.txt HTTP/1.1" 200 100 "-" "Mozilla/5.0 (compatible; Googlebot/2.1; +http://www.google.com/bot.html)"
66.249.66.59 - - [08/Jan/2011:18:32:30 +0000] "GET /index.html HTTP/1.1" 200 100 "-" "Mozilla/5.0 (compatible; Googlebot/2.1; +http://www.google.com/bot.html)"
87.250.253.242 - - [09/Jan/2011:04:37:55 +0000] "GET /robots.txt HTTP/1.1" 200 81 "-" "Mozilla/5.0 (compatible; YandexBot/3.0; +http://yandex.com/bots)"
119.63.198.47 - - [09/Jan/2011:09:39:56 +0000] "GET /robots.txt HTTP/1.1" 200 100 "-" "Baiduspider+(+http://www.baidu.com/search/spider.htm)"
87.250.253.242 - - [09/Jan/2011:10:32:57 +0000] "GET / HTTP/1.1" 200 502 "-" "Mozilla/5.0 (compatible; YandexBot/3.0; +http://yandex.com/bots)"
66.249.72.146 - - [09/Jan/2011:18:57:57 +0000] "GET /robots.txt HTTP/1.1" 200 100 "-" "Mozilla/5.0 (compatible; Googlebot/2.1; +http://www.google.com/bot.html)"
66.249.72.146 - - [09/Jan/2011:18:57:57 +0000] "GET /widxmlakvva.html HTTP/1.1" 200 106 "-" "Mozilla/5.0 (compatible; Googlebot/2.1; +http://www.google.com/bot.html)"
81.99.243.159 - - [09/Jan/2011:22:56:49 +0000] "GET /js_lib/jquery.js HTTP/1.1" 304 0 "http://0xf.nl/" "Mozilla/5.0 (Windows; U; Windows NT 6.1; en-US) AppleWebKit/534.13 (KHTML, like Gecko) Chrome/9.0.597.42 Safari/534.13"
81.99.243.159 - - [10/Jan/2011:00:54:43 +0000] "GET /js_lib/jquery.js HTTP/1.1" 200 78601 "http://0xf.nl/" "Mozilla/4.0 (compatible; MSIE 8.0; Windows NT 6.1; WOW64; Trident/4.0; SLCC2; .NET CLR 2.0.50727; .NET CLR 3.5.30729; .NET CLR 3.0.30729; Media Center PC 6.0)"
119.63.198.15 - - [10/Jan/2011:09:41:40 +0000] "GET /robots.txt HTTP/1.1" 200 100 "-" "Baiduspider+(+http://www.baidu.com/search/spider.htm)"
66.249.72.146 - - [10/Jan/2011:17:28:58 +0000] "GET /robots.txt HTTP/1.1" 200 100 "-" "Mozilla/5.0 (compatible; Googlebot/2.1; +http://www.google.com/bot.html)"
66.249.72.146 - - [10/Jan/2011:17:28:58 +0000] "GET /agent/create HTTP/1.1" 200 2252 "-" "Mozilla/5.0 (compatible; Googlebot/2.1; +http://www.google.com/bot.html)"
81.99.243.159 - - [10/Jan/2011:20:57:35 +0000] "GET / HTTP/1.1" 200 502 "-" "Mozilla/5.0 (Windows; U; Windows NT 6.1; en-US) AppleWebKit/534.10 (KHTML, like Gecko) Chrome/8.0.552.224 Safari/534.10"
81.99.243.159 - - [10/Jan/2011:20:57:35 +0000] "GET /js_lib/jquery.js HTTP/1.1" 200 78601 "http://trouble.0xf.nl/" "Mozilla/5.0 (Windows; U; Windows NT 6.1; en-US) AppleWebKit/534.10 (KHTML, like Gecko) Chrome/8.0.552.224 Safari/534.10"
81.99.243.159 - - [10/Jan/2011:20:57:37 +0000] "GET /agent/create HTTP/1.1" 200 2252 "http://trouble.0xf.nl/" "Mozilla/5.0 (Windows; U; Windows NT 6.1; en-US) AppleWebKit/534.10 (KHTML, like Gecko) Chrome/8.0.552.224 Safari/534.10"
81.99.243.159 - - [10/Jan/2011:20:57:37 +0000] "GET /img/agent/ HTTP/1.1" 403 200 "http://trouble.0xf.nl/agent/create" "Mozilla/5.0 (Windows; U; Windows NT 6.1; en-US) AppleWebKit/534.10 (KHTML, like Gecko) Chrome/8.0.552.224 Safari/534.10"
81.99.243.159 - - [10/Jan/2011:20:57:37 +0000] "GET /js_lib/fileuploader.js HTTP/1.1" 200 39950 "http://trouble.0xf.nl/agent/create" "Mozilla/5.0 (Windows; U; Windows NT 6.1; en-US) AppleWebKit/534.10 (KHTML, like Gecko) Chrome/8.0.552.224 Safari/534.10"
81.99.243.159 - - [10/Jan/2011:20:57:37 +0000] "GET /img/agent/ HTTP/1.1" 403 200 "http://trouble.0xf.nl/agent/create" "Mozilla/5.0 (Windows; U; Windows NT 6.1; en-US) AppleWebKit/534.10 (KHTML, like Gecko) Chrome/8.0.552.224 Safari/534.10"
81.99.243.159 - - [10/Jan/2011:20:57:43 +0000] "POST /action/save_agent_image?qqfile=harricleve1.jpg HTTP/1.1" 200 103 "http://trouble.0xf.nl/agent/create" "Mozilla/5.0 (Windows; U; Windows NT 6.1; en-US) AppleWebKit/534.10 (KHTML, like Gecko) Chrome/8.0.552.224 Safari/534.10"
81.99.243.159 - - [10/Jan/2011:20:57:44 +0000] "GET /img/agent/abd0c8e17968ad9d1facc424333de488.jpg HTTP/1.1" 200 98479 "http://trouble.0xf.nl/agent/create" "Mozilla/5.0 (Windows; U; Windows NT 6.1; en-US) AppleWebKit/534.10 (KHTML, like Gecko) Chrome/8.0.552.224 Safari/534.10"
81.99.243.159 - - [10/Jan/2011:20:57:52 +0000] "GET /news HTTP/1.1" 200 94 "http://trouble.0xf.nl/agent/create" "Mozilla/5.0 (Windows; U; Windows NT 6.1; en-US) AppleWebKit/534.10 (KHTML, like Gecko) Chrome/8.0.552.224 Safari/534.10"
89.178.55.53 - - [11/Jan/2011:07:59:35 +0000] "GET /forums HTTP/1.1" 200 96 "http://yandex.ru/yandsearch?text=1+0+404+Not+Found+SegSt" "Mozilla/5.0 (Windows; U; Windows NT 5.1; ru; rv:1.9.2.12) Gecko/20101026 Firefox/3.6.12"
95.27.111.240 - - [11/Jan/2011:08:51:02 +0000] "GET /highscores HTTP/1.1" 200 100 "http://yandex.ru/yandsearch?text=1+0+404+Not" "Mozilla/5.0 (Macintosh; U; Intel Mac OS X 10_5_8; ru-ru) AppleWebKit/533.18.1 (KHTML, like Gecko) Version/5.0.2 Safari/533.18.5"
119.63.198.56 - - [11/Jan/2011:09:43:05 +0000] "GET /robots.txt HTTP/1.1" 200 100 "-" "Baiduspider+(+http://www.baidu.com/search/spider.htm)"
89.178.55.53 - - [11/Jan/2011:10:16:49 +0000] "GET /games HTTP/1.1" 200 749 "http://yandex.ru/yandsearch?text=SegSt+aP1o" "Opera/9.80 (Windows NT 5.1; U; ru) Presto/2.5.22 Version/10.50"
93.80.19.75 - - [11/Jan/2011:10:16:49 +0000] "GET /js_lib/jquery.js HTTP/1.1" 200 78601 "http://trouble.0xf.nl/games" "Opera/9.80 (Windows NT 5.1; U; ru) Presto/2.5.22 Version/10.50"
66.249.72.146 - - [11/Jan/2011:16:58:35 +0000] "GET /robots.txt HTTP/1.1" 200 100 "-" "Mozilla/5.0 (compatible; Googlebot/2.1; +http://www.google.com/bot.html)"
66.249.72.146 - - [11/Jan/2011:16:58:35 +0000] "GET /forums HTTP/1.1" 200 96 "-" "Mozilla/5.0 (compatible; Googlebot/2.1; +http://www.google.com/bot.html)"
66.249.72.146 - - [11/Jan/2011:18:08:37 +0000] "GET /jilhrqxakebwyve.html HTTP/1.1" 200 110 "-" "Mozilla/5.0 (compatible; Googlebot/2.1; +http://www.google.com/bot.html)"
66.249.67.72 - - [12/Jan/2011:17:50:13 +0000] "GET /robots.txt HTTP/1.1" 200 100 "-" "Mozilla/5.0 (compatible; Googlebot/2.1; +http://www.google.com/bot.html)"
66.249.67.72 - - [12/Jan/2011:17:50:13 +0000] "GET /hrgmnyfphexqszwh.html HTTP/1.1" 200 111 "-" "Mozilla/5.0 (compatible; Googlebot/2.1; +http://www.google.com/bot.html)"
81.178.183.146 - - [12/Jan/2011:22:22:10 +0000] "GET /js_lib/jquery.js HTTP/1.1" 200 78601 "http://0xf.nl/" "Mozilla/5.0 (Windows; U; Windows NT 6.0; en-GB; rv:1.9.1.16) Gecko/20101130 Firefox/3.5.16 ( .NET CLR 3.5.30729; .NET4.0C)"
119.63.196.124 - - [13/Jan/2011:18:13:34 +0000] "GET /robots.txt HTTP/1.1" 200 100 "-" "Baiduspider+(+http://www.baidu.com/search/spider.htm)"
66.249.72.146 - - [13/Jan/2011:18:41:24 +0000] "GET /robots.txt HTTP/1.1" 200 100 "-" "Mozilla/5.0 (compatible; Googlebot/2.1; +http://www.google.com/bot.html)"
66.249.72.146 - - [13/Jan/2011:18:41:24 +0000] "GET /kneapwzsktfzd.html HTTP/1.1" 200 108 "-" "Mozilla/5.0 (compatible; Googlebot/2.1; +http://www.google.com/bot.html)"
119.63.196.126 - - [14/Jan/2011:00:58:10 +0000] "GET /robots.txt HTTP/1.1" 200 100 "-" "Baiduspider+(+http://www.baidu.com/search/spider.htm)"
66.249.72.146 - - [14/Jan/2011:15:52:15 +0000] "GET /robots.txt HTTP/1.1" 200 100 "-" "Mozilla/5.0 (compatible; Googlebot/2.1; +http://www.google.com/bot.html)"
66.249.72.146 - - [14/Jan/2011:15:52:15 +0000] "GET /game/2/killboard HTTP/1.1" 200 658 "-" "Mozilla/5.0 (compatible; Googlebot/2.1; +http://www.google.com/bot.html)"
119.63.196.114 - - [15/Jan/2011:01:31:04 +0000] "GET /robots.txt HTTP/1.1" 200 100 "-" "Baiduspider+(+http://www.baidu.com/search/spider.htm)"
119.63.192.236 - - [15/Jan/2011:03:56:22 +0000] "GET /index.html HTTP/1.1" 200 100 "-" "Baiduspider+(+http://www.baidu.jp/spider/)"
119.63.192.232 - - [15/Jan/2011:03:56:23 +0000] "GET / HTTP/1.1" 200 502 "-" "Baiduspider+(+http://www.baidu.jp/spider/)"
87.250.253.242 - - [15/Jan/2011:07:33:42 +0000] "GET /robots.txt HTTP/1.1" 200 81 "-" "Mozilla/5.0 (compatible; YandexBot/3.0; +http://yandex.com/bots)"
66.249.72.146 - - [15/Jan/2011:16:44:22 +0000] "GET /robots.txt HTTP/1.1" 200 100 "-" "Mozilla/5.0 (compatible; Googlebot/2.1; +http://www.google.com/bot.html)"
66.249.72.146 - - [15/Jan/2011:16:44:22 +0000] "GET /pxpuwrnwxccaa.html HTTP/1.1" 200 108 "-" "Mozilla/5.0 (compatible; Googlebot/2.1; +http://www.google.com/bot.html)"
119.63.196.112 - - [16/Jan/2011:01:29:45 +0000] "GET /robots.txt HTTP/1.1" 200 100 "-" "Baiduspider+(+http://www.baidu.com/search/spider.htm)"
87.250.253.242 - - [16/Jan/2011:08:03:13 +0000] "GET /robots.txt HTTP/1.1" 200 81 "-" "Mozilla/5.0 (compatible; YandexBot/3.0; +http://yandex.com/bots)"
87.250.253.242 - - [16/Jan/2011:16:03:06 +0000] "GET / HTTP/1.1" 200 502 "-" "Mozilla/5.0 (compatible; YandexBot/3.0; +http://yandex.com/bots)"
66.249.72.146 - - [16/Jan/2011:20:38:43 +0000] "GET /robots.txt HTTP/1.1" 200 100 "-" "Mozilla/5.0 (compatible; Googlebot/2.1; +http://www.google.com/bot.html)"
66.249.72.146 - - [16/Jan/2011:20:38:43 +0000] "GET /highscores HTTP/1.1" 200 100 "-" "Mozilla/5.0 (compatible; Googlebot/2.1; +http://www.google.com/bot.html)"
119.63.196.104 - - [17/Jan/2011:01:22:46 +0000] "GET /robots.txt HTTP/1.1" 200 100 "-" "Baiduspider+(+http://www.baidu.com/search/spider.htm)"
119.63.196.114 - - [18/Jan/2011:01:27:08 +0000] "GET /robots.txt HTTP/1.1" 200 100 "-" "Baiduspider+(+http://www.baidu.com/search/spider.htm)"
134.225.24.123 - - [18/Jan/2011:10:32:08 +0000] "GET / HTTP/1.1" 200 502 "-" "Mozilla/5.0 (Windows; U; Windows NT 6.1; en-US) AppleWebKit/534.10 (KHTML, like Gecko) Chrome/8.0.552.224 Safari/534.10"
134.225.24.123 - - [18/Jan/2011:10:32:12 +0000] "GET /js_lib/jquery.js HTTP/1.1" 200 78601 "http://trouble.0xf.nl/" "Mozilla/5.0 (Windows; U; Windows NT 6.1; en-US) AppleWebKit/534.10 (KHTML, like Gecko) Chrome/8.0.552.224 Safari/534.10"
134.225.24.123 - - [18/Jan/2011:10:32:17 +0000] "GET /agent/create HTTP/1.1" 200 2252 "http://trouble.0xf.nl/" "Mozilla/5.0 (Windows; U; Windows NT 6.1; en-US) AppleWebKit/534.10 (KHTML, like Gecko) Chrome/8.0.552.224 Safari/534.10"
134.225.24.123 - - [18/Jan/2011:10:32:17 +0000] "GET /js_lib/fileuploader.js HTTP/1.1" 200 39950 "http://trouble.0xf.nl/agent/create" "Mozilla/5.0 (Windows; U; Windows NT 6.1; en-US) AppleWebKit/534.10 (KHTML, like Gecko) Chrome/8.0.552.224 Safari/534.10"
134.225.24.123 - - [18/Jan/2011:10:32:17 +0000] "GET /img/agent/ HTTP/1.1" 403 200 "http://trouble.0xf.nl/agent/create" "Mozilla/5.0 (Windows; U; Windows NT 6.1; en-US) AppleWebKit/534.10 (KHTML, like Gecko) Chrome/8.0.552.224 Safari/534.10"
134.225.24.123 - - [18/Jan/2011:10:32:44 +0000] "POST /action/save_agent_image?qqfile=Chrysanthemum.jpg HTTP/1.1" 200 60 "http://trouble.0xf.nl/agent/create" "Mozilla/5.0 (Windows; U; Windows NT 6.1; en-US) AppleWebKit/534.10 (KHTML, like Gecko) Chrome/8.0.552.224 Safari/534.10"
134.225.24.123 - - [18/Jan/2011:10:32:46 +0000] "GET /img/agent/undefined.undefined HTTP/1.1" 200 109 "http://trouble.0xf.nl/agent/create" "Mozilla/5.0 (Windows; U; Windows NT 6.1; en-US) AppleWebKit/534.10 (KHTML, like Gecko) Chrome/8.0.552.224 Safari/534.10"
134.225.24.123 - - [18/Jan/2011:10:33:48 +0000] "GET /games HTTP/1.1" 200 749 "http://trouble.0xf.nl/agent/create" "Mozilla/5.0 (Windows; U; Windows NT 6.1; en-US) AppleWebKit/534.10 (KHTML, like Gecko) Chrome/8.0.552.224 Safari/534.10"
134.225.24.123 - - [18/Jan/2011:10:33:51 +0000] "GET /game/2/killboard HTTP/1.1" 200 658 "http://trouble.0xf.nl/games" "Mozilla/5.0 (Windows; U; Windows NT 6.1; en-US) AppleWebKit/534.10 (KHTML, like Gecko) Chrome/8.0.552.224 Safari/534.10"
134.225.24.123 - - [18/Jan/2011:10:34:48 +0000] "GET /highscores HTTP/1.1" 200 100 "http://trouble.0xf.nl/games" "Mozilla/5.0 (Windows; U; Windows NT 6.1; en-US) AppleWebKit/534.10 (KHTML, like Gecko) Chrome/8.0.552.224 Safari/534.10"
81.99.243.159 - - [18/Jan/2011:17:46:38 +0000] "GET / HTTP/1.1" 200 502 "-" "Mozilla/5.0 (Windows; U; Windows NT 6.1; en-US) AppleWebKit/534.10 (KHTML, like Gecko) Chrome/8.0.552.237 Safari/534.10"
81.99.243.159 - - [18/Jan/2011:17:46:41 +0000] "GET /js_lib/jquery.js HTTP/1.1" 200 78601 "http://trouble.0xf.nl/" "Mozilla/5.0 (Windows; U; Windows NT 6.1; en-US) AppleWebKit/534.10 (KHTML, like Gecko) Chrome/8.0.552.237 Safari/534.10"
81.99.243.159 - - [18/Jan/2011:17:48:05 +0000] "GET /news HTTP/1.1" 200 94 "http://trouble.0xf.nl/" "Mozilla/5.0 (Windows; U; Windows NT 6.1; en-US) AppleWebKit/534.10 (KHTML, like Gecko) Chrome/8.0.552.237 Safari/534.10"
81.99.243.159 - - [18/Jan/2011:17:48:07 +0000] "GET /games HTTP/1.1" 200 117 "http://trouble.0xf.nl/" "Mozilla/5.0 (Windows; U; Windows NT 6.1; en-US) AppleWebKit/534.10 (KHTML, like Gecko) Chrome/8.0.552.237 Safari/534.10"
81.99.243.159 - - [18/Jan/2011:17:49:36 +0000] "GET /games HTTP/1.1" 200 127 "http://trouble.0xf.nl/" "Mozilla/5.0 (Windows; U; Windows NT 6.1; en-US) AppleWebKit/534.10 (KHTML, like Gecko) Chrome/8.0.552.237 Safari/534.10"
81.99.243.159 - - [18/Jan/2011:17:50:54 +0000] "GET /games HTTP/1.1" 200 127 "http://trouble.0xf.nl/" "Mozilla/5.0 (Windows; U; Windows NT 6.1; en-US) AppleWebKit/534.10 (KHTML, like Gecko) Chrome/8.0.552.237 Safari/534.10"
81.99.243.159 - - [18/Jan/2011:17:50:55 +0000] "GET /games HTTP/1.1" 200 127 "http://trouble.0xf.nl/" "Mozilla/5.0 (Windows; U; Windows NT 6.1; en-US) AppleWebKit/534.10 (KHTML, like Gecko) Chrome/8.0.552.237 Safari/534.10"
81.99.243.159 - - [18/Jan/2011:17:50:55 +0000] "GET /games HTTP/1.1" 200 127 "http://trouble.0xf.nl/" "Mozilla/5.0 (Windows; U; Windows NT 6.1; en-US) AppleWebKit/534.10 (KHTML, like Gecko) Chrome/8.0.552.237 Safari/534.10"
81.99.243.159 - - [18/Jan/2011:17:52:17 +0000] "GET /games HTTP/1.1" 200 127 "http://trouble.0xf.nl/" "Mozilla/5.0 (Windows; U; Windows NT 6.1; en-US) AppleWebKit/534.10 (KHTML, like Gecko) Chrome/8.0.552.237 Safari/534.10"
81.99.243.159 - - [18/Jan/2011:17:52:30 +0000] "GET /games HTTP/1.1" 200 127 "http://trouble.0xf.nl/" "Mozilla/5.0 (Windows; U; Windows NT 6.1; en-US) AppleWebKit/534.10 (KHTML, like Gecko) Chrome/8.0.552.237 Safari/534.10"
81.99.243.159 - - [18/Jan/2011:18:12:16 +0000] "GET /games HTTP/1.1" 200 126 "http://trouble.0xf.nl/" "Mozilla/5.0 (Windows; U; Windows NT 6.1; en-US) AppleWebKit/534.10 (KHTML, like Gecko) Chrome/8.0.552.237 Safari/534.10"
81.99.243.159 - - [18/Jan/2011:18:14:05 +0000] "GET /games HTTP/1.1" 200 126 "http://trouble.0xf.nl/" "Mozilla/5.0 (Windows; U; Windows NT 6.1; en-US) AppleWebKit/534.10 (KHTML, like Gecko) Chrome/8.0.552.237 Safari/534.10"
81.99.243.159 - - [18/Jan/2011:18:14:39 +0000] "GET /games HTTP/1.1" 200 214 "http://trouble.0xf.nl/" "Mozilla/5.0 (Windows; U; Windows NT 6.1; en-US) AppleWebKit/534.10 (KHTML, like Gecko) Chrome/8.0.552.237 Safari/534.10"
81.99.243.159 - - [18/Jan/2011:18:15:56 +0000] "GET /games HTTP/1.1" 200 214 "-" "Mozilla/5.0 (Windows; U; Windows NT 6.1; en-US) AppleWebKit/534.10 (KHTML, like Gecko) Chrome/8.0.552.237 Safari/534.10"
81.99.243.159 - - [18/Jan/2011:18:17:58 +0000] "GET /games HTTP/1.1" 200 201 "-" "Mozilla/5.0 (Windows; U; Windows NT 6.1; en-US) AppleWebKit/534.10 (KHTML, like Gecko) Chrome/8.0.552.237 Safari/534.10"
81.99.243.159 - - [18/Jan/2011:18:19:50 +0000] "GET /games HTTP/1.1" 200 201 "-" "Mozilla/5.0 (Windows; U; Windows NT 6.1; en-US) AppleWebKit/534.10 (KHTML, like Gecko) Chrome/8.0.552.237 Safari/534.10"
81.99.243.159 - - [18/Jan/2011:18:25:20 +0000] "GET /games HTTP/1.1" 200 135 "http://trouble.0xf.nl/" "Mozilla/5.0 (Windows; U; Windows NT 6.1; en-US) AppleWebKit/534.10 (KHTML, like Gecko) Chrome/8.0.552.237 Safari/534.10"
81.99.243.159 - - [18/Jan/2011:18:25:27 +0000] "GET /games HTTP/1.1" 200 121 "http://trouble.0xf.nl/" "Mozilla/5.0 (Windows; U; Windows NT 6.1; en-US) AppleWebKit/534.10 (KHTML, like Gecko) Chrome/8.0.552.237 Safari/534.10"
81.99.243.159 - - [18/Jan/2011:18:25:55 +0000] "GET /games HTTP/1.1" 200 121 "http://trouble.0xf.nl/" "Mozilla/5.0 (Windows; U; Windows NT 6.1; en-US) AppleWebKit/534.10 (KHTML, like Gecko) Chrome/8.0.552.237 Safari/534.10"
81.99.243.159 - - [18/Jan/2011:18:25:55 +0000] "GET /games HTTP/1.1" 200 121 "http://trouble.0xf.nl/" "Mozilla/5.0 (Windows; U; Windows NT 6.1; en-US) AppleWebKit/534.10 (KHTML, like Gecko) Chrome/8.0.552.237 Safari/534.10"
81.99.243.159 - - [18/Jan/2011:18:25:56 +0000] "GET /games HTTP/1.1" 200 121 "http://trouble.0xf.nl/" "Mozilla/5.0 (Windows; U; Windows NT 6.1; en-US) AppleWebKit/534.10 (KHTML, like Gecko) Chrome/8.0.552.237 Safari/534.10"
81.99.243.159 - - [18/Jan/2011:18:25:56 +0000] "GET /games HTTP/1.1" 200 121 "http://trouble.0xf.nl/" "Mozilla/5.0 (Windows; U; Windows NT 6.1; en-US) AppleWebKit/534.10 (KHTML, like Gecko) Chrome/8.0.552.237 Safari/534.10"
81.99.243.159 - - [18/Jan/2011:18:26:15 +0000] "GET /games HTTP/1.1" 200 189 "http://trouble.0xf.nl/" "Mozilla/5.0 (Windows; U; Windows NT 6.1; en-US) AppleWebKit/534.10 (KHTML, like Gecko) Chrome/8.0.552.237 Safari/534.10"
81.99.243.159 - - [18/Jan/2011:18:27:20 +0000] "GET /games HTTP/1.1" 200 118 "-" "Mozilla/5.0 (Windows; U; Windows NT 6.1; en-US) AppleWebKit/534.10 (KHTML, like Gecko) Chrome/8.0.552.237 Safari/534.10"
81.99.243.159 - - [18/Jan/2011:18:28:44 +0000] "GET /games HTTP/1.1" 200 126 "-" "Mozilla/5.0 (Windows; U; Windows NT 6.1; en-US) AppleWebKit/534.10 (KHTML, like Gecko) Chrome/8.0.552.237 Safari/534.10"
81.99.243.159 - - [18/Jan/2011:18:28:52 +0000] "GET /games HTTP/1.1" 200 137 "-" "Mozilla/5.0 (Windows; U; Windows NT 6.1; en-US) AppleWebKit/534.10 (KHTML, like Gecko) Chrome/8.0.552.237 Safari/534.10"
81.99.243.159 - - [18/Jan/2011:18:32:46 +0000] "GET /games HTTP/1.1" 200 147 "-" "Mozilla/5.0 (Windows; U; Windows NT 6.1; en-US) AppleWebKit/534.10 (KHTML, like Gecko) Chrome/8.0.552.237 Safari/534.10"
81.99.243.159 - - [18/Jan/2011:18:33:19 +0000] "GET /games HTTP/1.1" 200 153 "-" "Mozilla/5.0 (Windows; U; Windows NT 6.1; en-US) AppleWebKit/534.10 (KHTML, like Gecko) Chrome/8.0.552.237 Safari/534.10"
81.99.243.159 - - [18/Jan/2011:18:33:29 +0000] "GET /games HTTP/1.1" 200 170 "-" "Mozilla/5.0 (Windows; U; Windows NT 6.1; en-US) AppleWebKit/534.10 (KHTML, like Gecko) Chrome/8.0.552.237 Safari/534.10"
81.99.243.159 - - [18/Jan/2011:18:33:46 +0000] "GET /games HTTP/1.1" 200 170 "-" "Mozilla/5.0 (Windows; U; Windows NT 6.1; en-US) AppleWebKit/534.10 (KHTML, like Gecko) Chrome/8.0.552.237 Safari/534.10"
81.99.243.159 - - [18/Jan/2011:18:35:01 +0000] "GET /games HTTP/1.1" 200 165 "-" "Mozilla/5.0 (Windows; U; Windows NT 6.1; en-US) AppleWebKit/534.10 (KHTML, like Gecko) Chrome/8.0.552.237 Safari/534.10"
81.99.243.159 - - [18/Jan/2011:18:36:00 +0000] "GET /games HTTP/1.1" 200 171 "-" "Mozilla/5.0 (Windows; U; Windows NT 6.1; en-US) AppleWebKit/534.10 (KHTML, like Gecko) Chrome/8.0.552.237 Safari/534.10"
81.99.243.159 - - [18/Jan/2011:18:36:32 +0000] "GET /games HTTP/1.1" 200 456 "-" "Mozilla/5.0 (Windows; U; Windows NT 6.1; en-US) AppleWebKit/534.10 (KHTML, like Gecko) Chrome/8.0.552.237 Safari/534.10"
81.99.243.159 - - [18/Jan/2011:18:38:53 +0000] "GET /games HTTP/1.1" 200 131 "-" "Mozilla/5.0 (Windows; U; Windows NT 6.1; en-US) AppleWebKit/534.10 (KHTML, like Gecko) Chrome/8.0.552.237 Safari/534.10"
81.99.243.159 - - [18/Jan/2011:18:39:02 +0000] "GET /games HTTP/1.1" 200 128 "-" "Mozilla/5.0 (Windows; U; Windows NT 6.1; en-US) AppleWebKit/534.10 (KHTML, like Gecko) Chrome/8.0.552.237 Safari/534.10"
81.99.243.159 - - [18/Jan/2011:18:39:58 +0000] "GET /games HTTP/1.1" 200 457 "-" "Mozilla/5.0 (Windows; U; Windows NT 6.1; en-US) AppleWebKit/534.10 (KHTML, like Gecko) Chrome/8.0.552.237 Safari/534.10"
81.99.243.159 - - [18/Jan/2011:18:40:07 +0000] "GET /games HTTP/1.1" 200 456 "-" "Mozilla/5.0 (Windows; U; Windows NT 6.1; en-US) AppleWebKit/534.10 (KHTML, like Gecko) Chrome/8.0.552.237 Safari/534.10"
81.99.243.159 - - [18/Jan/2011:18:40:08 +0000] "GET /games HTTP/1.1" 200 456 "-" "Mozilla/5.0 (Windows; U; Windows NT 6.1; en-US) AppleWebKit/534.10 (KHTML, like Gecko) Chrome/8.0.552.237 Safari/534.10"
81.99.243.159 - - [18/Jan/2011:18:40:08 +0000] "GET /games HTTP/1.1" 200 456 "-" "Mozilla/5.0 (Windows; U; Windows NT 6.1; en-US) AppleWebKit/534.10 (KHTML, like Gecko) Chrome/8.0.552.237 Safari/534.10"
81.99.243.159 - - [18/Jan/2011:18:42:11 +0000] "GET /games HTTP/1.1" 200 458 "-" "Mozilla/5.0 (Windows; U; Windows NT 6.1; en-US) AppleWebKit/534.10 (KHTML, like Gecko) Chrome/8.0.552.237 Safari/534.10"
81.99.243.159 - - [18/Jan/2011:18:42:12 +0000] "GET /games HTTP/1.1" 200 458 "-" "Mozilla/5.0 (Windows; U; Windows NT 6.1; en-US) AppleWebKit/534.10 (KHTML, like Gecko) Chrome/8.0.552.237 Safari/534.10"
81.99.243.159 - - [18/Jan/2011:18:42:15 +0000] "GET /games HTTP/1.1" 200 458 "-" "Mozilla/5.0 (Windows; U; Windows NT 6.1; en-US) AppleWebKit/534.10 (KHTML, like Gecko) Chrome/8.0.552.237 Safari/534.10"
81.99.243.159 - - [18/Jan/2011:18:43:32 +0000] "GET /games HTTP/1.1" 200 458 "-" "Mozilla/5.0 (Windows; U; Windows NT 6.1; en-US) AppleWebKit/534.10 (KHTML, like Gecko) Chrome/8.0.552.237 Safari/534.10"
81.99.243.159 - - [18/Jan/2011:18:43:32 +0000] "GET /games HTTP/1.1" 200 458 "-" "Mozilla/5.0 (Windows; U; Windows NT 6.1; en-US) AppleWebKit/534.10 (KHTML, like Gecko) Chrome/8.0.552.237 Safari/534.10"
81.99.243.159 - - [18/Jan/2011:18:43:32 +0000] "GET /games HTTP/1.1" 200 458 "-" "Mozilla/5.0 (Windows; U; Windows NT 6.1; en-US) AppleWebKit/534.10 (KHTML, like Gecko) Chrome/8.0.552.237 Safari/534.10"
81.99.243.159 - - [18/Jan/2011:18:43:38 +0000] "GET /games HTTP/1.1" 200 458 "-" "Mozilla/5.0 (Windows; U; Windows NT 6.1; en-US) AppleWebKit/534.10 (KHTML, like Gecko) Chrome/8.0.552.237 Safari/534.10"
81.99.243.159 - - [18/Jan/2011:18:43:39 +0000] "GET /games HTTP/1.1" 200 458 "-" "Mozilla/5.0 (Windows; U; Windows NT 6.1; en-US) AppleWebKit/534.10 (KHTML, like Gecko) Chrome/8.0.552.237 Safari/534.10"
81.99.243.159 - - [18/Jan/2011:18:43:39 +0000] "GET /games HTTP/1.1" 200 458 "-" "Mozilla/5.0 (Windows; U; Windows NT 6.1; en-US) AppleWebKit/534.10 (KHTML, like Gecko) Chrome/8.0.552.237 Safari/534.10"
81.99.243.159 - - [18/Jan/2011:18:43:54 +0000] "GET /games HTTP/1.1" 200 461 "-" "Mozilla/5.0 (Windows; U; Windows NT 6.1; en-US) AppleWebKit/534.10 (KHTML, like Gecko) Chrome/8.0.552.237 Safari/534.10"
81.99.243.159 - - [18/Jan/2011:18:44:05 +0000] "GET /games HTTP/1.1" 200 460 "-" "Mozilla/5.0 (Windows; U; Windows NT 6.1; en-US) AppleWebKit/534.10 (KHTML, like Gecko) Chrome/8.0.552.237 Safari/534.10"
81.99.243.159 - - [18/Jan/2011:18:44:25 +0000] "GET /games HTTP/1.1" 200 459 "-" "Mozilla/5.0 (Windows; U; Windows NT 6.1; en-US) AppleWebKit/534.10 (KHTML, like Gecko) Chrome/8.0.552.237 Safari/534.10"
81.99.243.159 - - [18/Jan/2011:18:44:54 +0000] "GET /games HTTP/1.1" 200 465 "-" "Mozilla/5.0 (Windows; U; Windows NT 6.1; en-US) AppleWebKit/534.10 (KHTML, like Gecko) Chrome/8.0.552.237 Safari/534.10"
81.99.243.159 - - [18/Jan/2011:18:45:54 +0000] "GET /games HTTP/1.1" 200 161 "-" "Mozilla/5.0 (Windows; U; Windows NT 6.1; en-US) AppleWebKit/534.10 (KHTML, like Gecko) Chrome/8.0.552.237 Safari/534.10"
81.99.243.159 - - [18/Jan/2011:18:46:13 +0000] "GET /games HTTP/1.1" 200 168 "-" "Mozilla/5.0 (Windows; U; Windows NT 6.1; en-US) AppleWebKit/534.10 (KHTML, like Gecko) Chrome/8.0.552.237 Safari/534.10"
81.99.243.159 - - [18/Jan/2011:19:42:09 +0000] "GET /games HTTP/1.1" 200 168 "http://trouble.0xf.nl/" "Mozilla/5.0 (Windows; U; Windows NT 6.1; en-US) AppleWebKit/534.10 (KHTML, like Gecko) Chrome/8.0.552.237 Safari/534.10"
81.99.243.159 - - [18/Jan/2011:19:42:14 +0000] "GET /games HTTP/1.1" 200 168 "-" "Mozilla/5.0 (Windows; U; Windows NT 6.1; en-US) AppleWebKit/534.10 (KHTML, like Gecko) Chrome/8.0.552.237 Safari/534.10"
81.99.243.159 - - [18/Jan/2011:19:44:26 +0000] "GET /games HTTP/1.1" 200 168 "-" "Mozilla/5.0 (Windows; U; Windows NT 6.1; en-US) AppleWebKit/534.10 (KHTML, like Gecko) Chrome/8.0.552.237 Safari/534.10"
81.99.243.159 - - [18/Jan/2011:19:44:30 +0000] "GET /games HTTP/1.1" 200 168 "-" "Mozilla/5.0 (Windows; U; Windows NT 6.1; en-US) AppleWebKit/534.10 (KHTML, like Gecko) Chrome/8.0.552.237 Safari/534.10"
81.99.243.159 - - [18/Jan/2011:20:07:35 +0000] "GET /games HTTP/1.1" 200 168 "http://trouble.0xf.nl/" "Mozilla/5.0 (Windows; U; Windows NT 6.1; en-US) AppleWebKit/534.10 (KHTML, like Gecko) Chrome/8.0.552.237 Safari/534.10"
81.99.243.159 - - [18/Jan/2011:20:07:39 +0000] "GET /games HTTP/1.1" 200 168 "http://trouble.0xf.nl/" "Mozilla/5.0 (Windows; U; Windows NT 6.1; en-US) AppleWebKit/534.10 (KHTML, like Gecko) Chrome/8.0.552.237 Safari/534.10"
81.99.243.159 - - [18/Jan/2011:20:07:41 +0000] "GET /games HTTP/1.1" 200 168 "-" "Mozilla/5.0 (Windows; U; Windows NT 6.1; en-US) AppleWebKit/534.10 (KHTML, like Gecko) Chrome/8.0.552.237 Safari/534.10"
81.99.243.159 - - [18/Jan/2011:20:20:43 +0000] "GET /games HTTP/1.1" 200 168 "-" "Mozilla/5.0 (Windows; U; Windows NT 6.1; en-US) AppleWebKit/534.10 (KHTML, like Gecko) Chrome/8.0.552.237 Safari/534.10"
81.99.243.159 - - [18/Jan/2011:20:22:35 +0000] "GET /games HTTP/1.1" 200 166 "-" "Mozilla/5.0 (Windows; U; Windows NT 6.1; en-US) AppleWebKit/534.10 (KHTML, like Gecko) Chrome/8.0.552.237 Safari/534.10"
81.99.243.159 - - [18/Jan/2011:20:32:37 +0000] "GET /games HTTP/1.1" 200 115 "-" "Mozilla/5.0 (Windows; U; Windows NT 6.1; en-US) AppleWebKit/534.10 (KHTML, like Gecko) Chrome/8.0.552.237 Safari/534.10"
81.99.243.159 - - [18/Jan/2011:20:33:07 +0000] "GET /games HTTP/1.1" 200 166 "-" "Mozilla/5.0 (Windows; U; Windows NT 6.1; en-US) AppleWebKit/534.10 (KHTML, like Gecko) Chrome/8.0.552.237 Safari/534.10"
81.99.243.159 - - [18/Jan/2011:20:34:58 +0000] "GET /games HTTP/1.1" 200 1388 "-" "Mozilla/5.0 (Windows; U; Windows NT 6.1; en-US) AppleWebKit/534.10 (KHTML, like Gecko) Chrome/8.0.552.237 Safari/534.10"
81.99.243.159 - - [18/Jan/2011:20:35:54 +0000] "GET /games HTTP/1.1" 200 1388 "-" "Mozilla/5.0 (Windows; U; Windows NT 6.1; en-US) AppleWebKit/534.10 (KHTML, like Gecko) Chrome/8.0.552.237 Safari/534.10"
81.99.243.159 - - [18/Jan/2011:20:36:37 +0000] "GET /games HTTP/1.1" 200 167 "-" "Mozilla/5.0 (Windows; U; Windows NT 6.1; en-US) AppleWebKit/534.10 (KHTML, like Gecko) Chrome/8.0.552.237 Safari/534.10"
81.99.243.159 - - [18/Jan/2011:20:37:22 +0000] "GET /games HTTP/1.1" 200 433 "-" "Mozilla/5.0 (Windows; U; Windows NT 6.1; en-US) AppleWebKit/534.10 (KHTML, like Gecko) Chrome/8.0.552.237 Safari/534.10"
81.99.243.159 - - [18/Jan/2011:20:50:34 +0000] "GET /games HTTP/1.1" 200 141 "-" "Mozilla/5.0 (Windows; U; Windows NT 6.1; en-US) AppleWebKit/534.10 (KHTML, like Gecko) Chrome/8.0.552.237 Safari/534.10"
81.99.243.159 - - [18/Jan/2011:20:50:53 +0000] "GET /games HTTP/1.1" 200 143 "-" "Mozilla/5.0 (Windows; U; Windows NT 6.1; en-US) AppleWebKit/534.10 (KHTML, like Gecko) Chrome/8.0.552.237 Safari/534.10"
81.99.243.159 - - [18/Jan/2011:20:51:29 +0000] "GET /games HTTP/1.1" 200 115 "-" "Mozilla/5.0 (Windows; U; Windows NT 6.1; en-US) AppleWebKit/534.10 (KHTML, like Gecko) Chrome/8.0.552.237 Safari/534.10"
81.99.243.159 - - [18/Jan/2011:20:51:59 +0000] "GET /games HTTP/1.1" 200 493 "-" "Mozilla/5.0 (Windows; U; Windows NT 6.1; en-US) AppleWebKit/534.10 (KHTML, like Gecko) Chrome/8.0.552.237 Safari/534.10"
81.99.243.159 - - [18/Jan/2011:20:52:23 +0000] "GET /games HTTP/1.1" 200 143 "-" "Mozilla/5.0 (Windows; U; Windows NT 6.1; en-US) AppleWebKit/534.10 (KHTML, like Gecko) Chrome/8.0.552.237 Safari/534.10"
81.99.243.159 - - [18/Jan/2011:20:52:52 +0000] "GET /games HTTP/1.1" 200 491 "-" "Mozilla/5.0 (Windows; U; Windows NT 6.1; en-US) AppleWebKit/534.10 (KHTML, like Gecko) Chrome/8.0.552.237 Safari/534.10"
81.99.243.159 - - [18/Jan/2011:20:53:23 +0000] "GET /games HTTP/1.1" 200 491 "-" "Mozilla/5.0 (Windows; U; Windows NT 6.1; en-US) AppleWebKit/534.10 (KHTML, like Gecko) Chrome/8.0.552.237 Safari/534.10"
81.99.243.159 - - [18/Jan/2011:20:53:34 +0000] "GET /games HTTP/1.1" 200 163 "-" "Mozilla/5.0 (Windows; U; Windows NT 6.1; en-US) AppleWebKit/534.10 (KHTML, like Gecko) Chrome/8.0.552.237 Safari/534.10"
81.99.243.159 - - [18/Jan/2011:20:54:15 +0000] "GET /games HTTP/1.1" 200 163 "-" "Mozilla/5.0 (Windows; U; Windows NT 6.1; en-US) AppleWebKit/534.10 (KHTML, like Gecko) Chrome/8.0.552.237 Safari/534.10"
81.99.243.159 - - [18/Jan/2011:20:54:16 +0000] "GET /games HTTP/1.1" 200 163 "-" "Mozilla/5.0 (Windows; U; Windows NT 6.1; en-US) AppleWebKit/534.10 (KHTML, like Gecko) Chrome/8.0.552.237 Safari/534.10"
81.99.243.159 - - [18/Jan/2011:20:55:16 +0000] "GET /games HTTP/1.1" 200 442 "-" "Mozilla/5.0 (Windows; U; Windows NT 6.1; en-US) AppleWebKit/534.10 (KHTML, like Gecko) Chrome/8.0.552.237 Safari/534.10"
81.99.243.159 - - [18/Jan/2011:20:57:21 +0000] "GET /games HTTP/1.1" 200 116 "-" "Mozilla/5.0 (Windows; U; Windows NT 6.1; en-US) AppleWebKit/534.10 (KHTML, like Gecko) Chrome/8.0.552.237 Safari/534.10"
81.99.243.159 - - [18/Jan/2011:20:57:33 +0000] "GET /games HTTP/1.1" 200 169 "-" "Mozilla/5.0 (Windows; U; Windows NT 6.1; en-US) AppleWebKit/534.10 (KHTML, like Gecko) Chrome/8.0.552.237 Safari/534.10"
81.99.243.159 - - [18/Jan/2011:20:58:06 +0000] "GET /games HTTP/1.1" 200 157 "-" "Mozilla/5.0 (Windows; U; Windows NT 6.1; en-US) AppleWebKit/534.10 (KHTML, like Gecko) Chrome/8.0.552.237 Safari/534.10"
81.99.243.159 - - [18/Jan/2011:20:58:35 +0000] "GET /games HTTP/1.1" 200 182 "-" "Mozilla/5.0 (Windows; U; Windows NT 6.1; en-US) AppleWebKit/534.10 (KHTML, like Gecko) Chrome/8.0.552.237 Safari/534.10"
81.99.243.159 - - [18/Jan/2011:21:03:18 +0000] "GET /games HTTP/1.1" 200 181 "-" "Mozilla/5.0 (Windows; U; Windows NT 6.1; en-US) AppleWebKit/534.10 (KHTML, like Gecko) Chrome/8.0.552.237 Safari/534.10"
81.99.243.159 - - [18/Jan/2011:21:04:09 +0000] "GET /games HTTP/1.1" 200 165 "-" "Mozilla/5.0 (Windows; U; Windows NT 6.1; en-US) AppleWebKit/534.10 (KHTML, like Gecko) Chrome/8.0.552.237 Safari/534.10"
81.99.243.159 - - [18/Jan/2011:21:04:37 +0000] "GET /games HTTP/1.1" 200 532 "-" "Mozilla/5.0 (Windows; U; Windows NT 6.1; en-US) AppleWebKit/534.10 (KHTML, like Gecko) Chrome/8.0.552.237 Safari/534.10"
81.99.243.159 - - [18/Jan/2011:21:05:22 +0000] "GET /games HTTP/1.1" 200 217 "-" "Mozilla/5.0 (Windows; U; Windows NT 6.1; en-US) AppleWebKit/534.10 (KHTML, like Gecko) Chrome/8.0.552.237 Safari/534.10"
81.99.243.159 - - [18/Jan/2011:21:05:23 +0000] "GET /games HTTP/1.1" 200 217 "-" "Mozilla/5.0 (Windows; U; Windows NT 6.1; en-US) AppleWebKit/534.10 (KHTML, like Gecko) Chrome/8.0.552.237 Safari/534.10"
81.99.243.159 - - [18/Jan/2011:21:05:46 +0000] "GET /games HTTP/1.1" 200 149 "-" "Mozilla/5.0 (Windows; U; Windows NT 6.1; en-US) AppleWebKit/534.10 (KHTML, like Gecko) Chrome/8.0.552.237 Safari/534.10"
81.99.243.159 - - [18/Jan/2011:21:07:02 +0000] "GET /games HTTP/1.1" 200 149 "-" "Mozilla/5.0 (Windows; U; Windows NT 6.1; en-US) AppleWebKit/534.10 (KHTML, like Gecko) Chrome/8.0.552.237 Safari/534.10"
81.99.243.159 - - [18/Jan/2011:21:07:03 +0000] "GET /games HTTP/1.1" 200 149 "-" "Mozilla/5.0 (Windows; U; Windows NT 6.1; en-US) AppleWebKit/534.10 (KHTML, like Gecko) Chrome/8.0.552.237 Safari/534.10"
81.99.243.159 - - [18/Jan/2011:21:07:04 +0000] "GET /games HTTP/1.1" 200 149 "-" "Mozilla/5.0 (Windows; U; Windows NT 6.1; en-US) AppleWebKit/534.10 (KHTML, like Gecko) Chrome/8.0.552.237 Safari/534.10"
81.99.243.159 - - [18/Jan/2011:21:08:28 +0000] "GET /games HTTP/1.1" 200 149 "-" "Mozilla/5.0 (Windows; U; Windows NT 6.1; en-US) AppleWebKit/534.10 (KHTML, like Gecko) Chrome/8.0.552.237 Safari/534.10"
81.99.243.159 - - [18/Jan/2011:21:08:28 +0000] "GET /games HTTP/1.1" 200 149 "-" "Mozilla/5.0 (Windows; U; Windows NT 6.1; en-US) AppleWebKit/534.10 (KHTML, like Gecko) Chrome/8.0.552.237 Safari/534.10"
81.99.243.159 - - [18/Jan/2011:21:08:37 +0000] "GET /games HTTP/1.1" 200 150 "-" "Mozilla/5.0 (Windows; U; Windows NT 6.1; en-US) AppleWebKit/534.10 (KHTML, like Gecko) Chrome/8.0.552.237 Safari/534.10"
81.99.243.159 - - [18/Jan/2011:21:09:05 +0000] "GET /games HTTP/1.1" 200 1229 "-" "Mozilla/5.0 (Windows; U; Windows NT 6.1; en-US) AppleWebKit/534.10 (KHTML, like Gecko) Chrome/8.0.552.237 Safari/534.10"
81.99.243.159 - - [18/Jan/2011:21:09:50 +0000] "GET /games HTTP/1.1" 200 429 "-" "Mozilla/5.0 (Windows; U; Windows NT 6.1; en-US) AppleWebKit/534.10 (KHTML, like Gecko) Chrome/8.0.552.237 Safari/534.10"
81.99.243.159 - - [18/Jan/2011:21:10:21 +0000] "GET /games HTTP/1.1" 200 121 "-" "Mozilla/5.0 (Windows; U; Windows NT 6.1; en-US) AppleWebKit/534.10 (KHTML, like Gecko) Chrome/8.0.552.237 Safari/534.10"
81.99.243.159 - - [18/Jan/2011:21:10:50 +0000] "GET /games HTTP/1.1" 200 420 "-" "Mozilla/5.0 (Windows; U; Windows NT 6.1; en-US) AppleWebKit/534.10 (KHTML, like Gecko) Chrome/8.0.552.237 Safari/534.10"
81.99.243.159 - - [18/Jan/2011:21:11:12 +0000] "GET /games HTTP/1.1" 200 1052 "-" "Mozilla/5.0 (Windows; U; Windows NT 6.1; en-US) AppleWebKit/534.10 (KHTML, like Gecko) Chrome/8.0.552.237 Safari/534.10"
81.99.243.159 - - [18/Jan/2011:21:28:33 +0000] "GET /games HTTP/1.1" 200 1052 "-" "Mozilla/5.0 (Windows; U; Windows NT 6.1; en-US) AppleWebKit/534.10 (KHTML, like Gecko) Chrome/8.0.552.237 Safari/534.10"
81.99.243.159 - - [18/Jan/2011:21:32:42 +0000] "GET /games HTTP/1.1" 200 1052 "-" "Mozilla/5.0 (Windows; U; Windows NT 6.1; en-US) AppleWebKit/534.10 (KHTML, like Gecko) Chrome/8.0.552.237 Safari/534.10"
81.99.243.159 - - [18/Jan/2011:21:36:14 +0000] "GET /games HTTP/1.1" 200 366 "-" "Mozilla/5.0 (Windows; U; Windows NT 6.1; en-US) AppleWebKit/534.10 (KHTML, like Gecko) Chrome/8.0.552.237 Safari/534.10"
81.99.243.159 - - [18/Jan/2011:21:37:19 +0000] "GET /games HTTP/1.1" 200 367 "-" "Mozilla/5.0 (Windows; U; Windows NT 6.1; en-US) AppleWebKit/534.10 (KHTML, like Gecko) Chrome/8.0.552.237 Safari/534.10"
81.99.243.159 - - [18/Jan/2011:21:37:28 +0000] "GET /games HTTP/1.1" 200 125 "-" "Mozilla/5.0 (Windows; U; Windows NT 6.1; en-US) AppleWebKit/534.10 (KHTML, like Gecko) Chrome/8.0.552.237 Safari/534.10"
81.99.243.159 - - [18/Jan/2011:21:37:34 +0000] "GET /games HTTP/1.1" 200 328 "-" "Mozilla/5.0 (Windows; U; Windows NT 6.1; en-US) AppleWebKit/534.10 (KHTML, like Gecko) Chrome/8.0.552.237 Safari/534.10"
81.99.243.159 - - [18/Jan/2011:21:55:07 +0000] "GET /games HTTP/1.1" 200 124 "-" "Mozilla/5.0 (Windows; U; Windows NT 6.1; en-US) AppleWebKit/534.10 (KHTML, like Gecko) Chrome/8.0.552.237 Safari/534.10"
81.99.243.159 - - [18/Jan/2011:21:57:08 +0000] "GET /games HTTP/1.1" 200 124 "-" "Mozilla/5.0 (Windows; U; Windows NT 6.1; en-US) AppleWebKit/534.10 (KHTML, like Gecko) Chrome/8.0.552.237 Safari/534.10"
81.99.243.159 - - [18/Jan/2011:21:58:04 +0000] "GET /games HTTP/1.1" 200 377 "-" "Mozilla/5.0 (Windows; U; Windows NT 6.1; en-US) AppleWebKit/534.10 (KHTML, like Gecko) Chrome/8.0.552.237 Safari/534.10"
81.99.243.159 - - [18/Jan/2011:22:02:19 +0000] "GET /games HTTP/1.1" 200 149 "http://trouble.0xf.nl/" "Mozilla/5.0 (Windows; U; Windows NT 6.1; en-US) AppleWebKit/534.10 (KHTML, like Gecko) Chrome/8.0.552.237 Safari/534.10"
81.99.243.159 - - [18/Jan/2011:22:02:21 +0000] "GET /games HTTP/1.1" 200 149 "-" "Mozilla/5.0 (Windows; U; Windows NT 6.1; en-US) AppleWebKit/534.10 (KHTML, like Gecko) Chrome/8.0.552.237 Safari/534.10"
81.99.243.159 - - [18/Jan/2011:22:02:52 +0000] "GET /games HTTP/1.1" 200 115 "-" "Mozilla/5.0 (Windows; U; Windows NT 6.1; en-US) AppleWebKit/534.10 (KHTML, like Gecko) Chrome/8.0.552.237 Safari/534.10"
81.99.243.159 - - [18/Jan/2011:22:02:53 +0000] "GET /games HTTP/1.1" 200 115 "-" "Mozilla/5.0 (Windows; U; Windows NT 6.1; en-US) AppleWebKit/534.10 (KHTML, like Gecko) Chrome/8.0.552.237 Safari/534.10"
81.99.243.159 - - [18/Jan/2011:22:03:05 +0000] "GET /games HTTP/1.1" 200 132 "-" "Mozilla/5.0 (Windows; U; Windows NT 6.1; en-US) AppleWebKit/534.10 (KHTML, like Gecko) Chrome/8.0.552.237 Safari/534.10"
81.99.243.159 - - [18/Jan/2011:22:03:14 +0000] "GET /games HTTP/1.1" 200 123 "-" "Mozilla/5.0 (Windows; U; Windows NT 6.1; en-US) AppleWebKit/534.10 (KHTML, like Gecko) Chrome/8.0.552.237 Safari/534.10"
81.99.243.159 - - [18/Jan/2011:22:03:43 +0000] "GET /games HTTP/1.1" 200 367 "-" "Mozilla/5.0 (Windows; U; Windows NT 6.1; en-US) AppleWebKit/534.10 (KHTML, like Gecko) Chrome/8.0.552.237 Safari/534.10"
81.99.243.159 - - [18/Jan/2011:22:08:19 +0000] "GET /games HTTP/1.1" 200 379 "-" "Mozilla/5.0 (Windows; U; Windows NT 6.1; en-US) AppleWebKit/534.10 (KHTML, like Gecko) Chrome/8.0.552.237 Safari/534.10"
81.99.243.159 - - [18/Jan/2011:22:12:54 +0000] "GET /games HTTP/1.1" 200 380 "http://trouble.0xf.nl/" "Mozilla/5.0 (Windows; U; Windows NT 6.1; en-US) AppleWebKit/534.10 (KHTML, like Gecko) Chrome/8.0.552.237 Safari/534.10"
119.63.196.122 - - [19/Jan/2011:01:26:32 +0000] "GET /robots.txt HTTP/1.1" 200 100 "-" "Baiduspider+(+http://www.baidu.com/search/spider.htm)"
81.99.243.159 - - [19/Jan/2011:07:54:03 +0000] "GET /games HTTP/1.1" 200 381 "http://trouble.0xf.nl/" "Mozilla/5.0 (Windows; U; Windows NT 6.1; en-US) AppleWebKit/534.10 (KHTML, like Gecko) Chrome/8.0.552.237 Safari/534.10"
81.99.243.159 - - [19/Jan/2011:07:54:04 +0000] "GET /games HTTP/1.1" 200 381 "-" "Mozilla/5.0 (Windows; U; Windows NT 6.1; en-US) AppleWebKit/534.10 (KHTML, like Gecko) Chrome/8.0.552.237 Safari/534.10"
134.225.29.147 - - [19/Jan/2011:09:52:15 +0000] "GET / HTTP/1.1" 200 502 "-" "Mozilla/5.0 (X11; U; Linux x86_64; en-US) AppleWebKit/534.7 (KHTML, like Gecko) Ubuntu/10.10 Chromium/7.0.517.44 Chrome/7.0.517.44 Safari/534.7"
134.225.29.147 - - [19/Jan/2011:09:52:16 +0000] "GET /js_lib/jquery.js HTTP/1.1" 200 78601 "http://trouble.0xf.nl/" "Mozilla/5.0 (X11; U; Linux x86_64; en-US) AppleWebKit/534.7 (KHTML, like Gecko) Ubuntu/10.10 Chromium/7.0.517.44 Chrome/7.0.517.44 Safari/534.7"
134.225.29.147 - - [19/Jan/2011:09:52:19 +0000] "GET /games HTTP/1.1" 200 380 "http://trouble.0xf.nl/" "Mozilla/5.0 (X11; U; Linux x86_64; en-US) AppleWebKit/534.7 (KHTML, like Gecko) Ubuntu/10.10 Chromium/7.0.517.44 Chrome/7.0.517.44 Safari/534.7"
134.225.29.147 - - [19/Jan/2011:10:11:04 +0000] "GET /games HTTP/1.1" 200 138 "-" "Mozilla/5.0 (X11; U; Linux x86_64; en-US) AppleWebKit/534.7 (KHTML, like Gecko) Ubuntu/10.10 Chromium/7.0.517.44 Chrome/7.0.517.44 Safari/534.7"
134.225.29.147 - - [19/Jan/2011:10:16:28 +0000] "GET /games HTTP/1.1" 200 140 "-" "Mozilla/5.0 (X11; U; Linux x86_64; en-US) AppleWebKit/534.7 (KHTML, like Gecko) Ubuntu/10.10 Chromium/7.0.517.44 Chrome/7.0.517.44 Safari/534.7"
134.225.29.147 - - [19/Jan/2011:10:17:43 +0000] "GET /games HTTP/1.1" 200 138 "-" "Mozilla/5.0 (X11; U; Linux x86_64; en-US) AppleWebKit/534.7 (KHTML, like Gecko) Ubuntu/10.10 Chromium/7.0.517.44 Chrome/7.0.517.44 Safari/534.7"
134.225.29.147 - - [19/Jan/2011:10:18:08 +0000] "GET /games HTTP/1.1" 200 350 "-" "Mozilla/5.0 (X11; U; Linux x86_64; en-US) AppleWebKit/534.7 (KHTML, like Gecko) Ubuntu/10.10 Chromium/7.0.517.44 Chrome/7.0.517.44 Safari/534.7"
134.225.29.147 - - [19/Jan/2011:10:19:59 +0000] "GET /games HTTP/1.1" 200 130 "-" "Mozilla/5.0 (X11; U; Linux x86_64; en-US) AppleWebKit/534.7 (KHTML, like Gecko) Ubuntu/10.10 Chromium/7.0.517.44 Chrome/7.0.517.44 Safari/534.7"
134.225.29.147 - - [19/Jan/2011:10:20:05 +0000] "GET /games HTTP/1.1" 200 130 "-" "Mozilla/5.0 (X11; U; Linux x86_64; en-US) AppleWebKit/534.7 (KHTML, like Gecko) Ubuntu/10.10 Chromium/7.0.517.44 Chrome/7.0.517.44 Safari/534.7"
134.225.29.147 - - [19/Jan/2011:10:20:22 +0000] "GET /games HTTP/1.1" 200 129 "-" "Mozilla/5.0 (X11; U; Linux x86_64; en-US) AppleWebKit/534.7 (KHTML, like Gecko) Ubuntu/10.10 Chromium/7.0.517.44 Chrome/7.0.517.44 Safari/534.7"
134.225.29.147 - - [19/Jan/2011:10:21:07 +0000] "GET /games HTTP/1.1" 200 130 "-" "Mozilla/5.0 (X11; U; Linux x86_64; en-US) AppleWebKit/534.7 (KHTML, like Gecko) Ubuntu/10.10 Chromium/7.0.517.44 Chrome/7.0.517.44 Safari/534.7"
134.225.29.147 - - [19/Jan/2011:10:21:56 +0000] "GET /games HTTP/1.1" 200 354 "-" "Mozilla/5.0 (X11; U; Linux x86_64; en-US) AppleWebKit/534.7 (KHTML, like Gecko) Ubuntu/10.10 Chromium/7.0.517.44 Chrome/7.0.517.44 Safari/534.7"
134.225.29.147 - - [19/Jan/2011:10:26:49 +0000] "GET /games HTTP/1.1" 200 404 "-" "Mozilla/5.0 (X11; U; Linux x86_64; en-US) AppleWebKit/534.7 (KHTML, like Gecko) Ubuntu/10.10 Chromium/7.0.517.44 Chrome/7.0.517.44 Safari/534.7"
134.225.29.147 - - [19/Jan/2011:10:26:54 +0000] "GET /games HTTP/1.1" 200 359 "-" "Mozilla/5.0 (X11; U; Linux x86_64; en-US) AppleWebKit/534.7 (KHTML, like Gecko) Ubuntu/10.10 Chromium/7.0.517.44 Chrome/7.0.517.44 Safari/534.7"
134.225.29.147 - - [19/Jan/2011:10:27:11 +0000] "GET /games HTTP/1.1" 200 138 "-" "Mozilla/5.0 (X11; U; Linux x86_64; en-US) AppleWebKit/534.7 (KHTML, like Gecko) Ubuntu/10.10 Chromium/7.0.517.44 Chrome/7.0.517.44 Safari/534.7"
134.225.29.147 - - [19/Jan/2011:10:27:19 +0000] "GET /games HTTP/1.1" 200 359 "-" "Mozilla/5.0 (X11; U; Linux x86_64; en-US) AppleWebKit/534.7 (KHTML, like Gecko) Ubuntu/10.10 Chromium/7.0.517.44 Chrome/7.0.517.44 Safari/534.7"
134.225.29.147 - - [19/Jan/2011:10:27:27 +0000] "GET /games HTTP/1.1" 200 584 "-" "Mozilla/5.0 (X11; U; Linux x86_64; en-US) AppleWebKit/534.7 (KHTML, like Gecko) Ubuntu/10.10 Chromium/7.0.517.44 Chrome/7.0.517.44 Safari/534.7"
